%!Adobe-FontList 1.16
%Locale:0x411

%BeginFont
Handler:DirectoryHandler
FontType:CMap
CMapName:83pv-RKSJ-H
Registry:Adobe
Ordering:Japan1
OutlineFileName:C:\Program Files (x86)\Adobe\Acrobat Reader DC\Resource\CMap\83pv-RKSJ-H
FileLength:7463
FileModTime:1426491250
%EndFont

%BeginFont
Handler:DirectoryHandler
FontType:CMap
CMapName:90ms-RKSJ-H
Registry:Adobe
Ordering:Japan1
OutlineFileName:C:\Program Files (x86)\Adobe\Acrobat Reader DC\Resource\CMap\90ms-RKSJ-H
FileLength:6398
FileModTime:1426491252
%EndFont

%BeginFont
Handler:DirectoryHandler
FontType:CMap
CMapName:90ms-RKSJ-UCS2
Registry:Adobe
Ordering:90ms_RKSJ_UCS2
OutlineFileName:C:\Program Files (x86)\Adobe\Acrobat Reader DC\Resource\CMap\90ms-RKSJ-UCS2
FileLength:112126
FileModTime:1426491250
%EndFont

%BeginFont
Handler:DirectoryHandler
FontType:CMap
CMapName:90ms-RKSJ-V
Registry:Adobe
Ordering:Japan1
UseCMap:90ms-RKSJ-H
OutlineFileName:C:\Program Files (x86)\Adobe\Acrobat Reader DC\Resource\CMap\90ms-RKSJ-V
FileLength:4454
FileModTime:1426491252
%EndFont

%BeginFont
Handler:DirectoryHandler
FontType:CMap
CMapName:90msp-RKSJ-H
Registry:Adobe
Ordering:Japan1
OutlineFileName:C:\Program Files (x86)\Adobe\Acrobat Reader DC\Resource\CMap\90msp-RKSJ-H
FileLength:6327
FileModTime:1426491250
%EndFont

%BeginFont
Handler:DirectoryHandler
FontType:CMap
CMapName:90msp-RKSJ-V
Registry:Adobe
Ordering:Japan1
UseCMap:90msp-RKSJ-H
OutlineFileName:C:\Program Files (x86)\Adobe\Acrobat Reader DC\Resource\CMap\90msp-RKSJ-V
FileLength:4436
FileModTime:1426491250
%EndFont

%BeginFont
Handler:DirectoryHandler
FontType:CMap
CMapName:90pv-RKSJ-H
Registry:Adobe
Ordering:Japan1
OutlineFileName:C:\Program Files (x86)\Adobe\Acrobat Reader DC\Resource\CMap\90pv-RKSJ-H
FileLength:8239
FileModTime:1426491250
%EndFont

%BeginFont
Handler:DirectoryHandler
FontType:CMap
CMapName:90pv-RKSJ-UCS2
Registry:Adobe
Ordering:90pv_RKSJ_UCS2
UseCMap:90pv-RKSJ-UCS2C
OutlineFileName:C:\Program Files (x86)\Adobe\Acrobat Reader DC\Resource\CMap\90pv-RKSJ-UCS2
FileLength:1854
FileModTime:1426491250
%EndFont

%BeginFont
Handler:DirectoryHandler
FontType:CMap
CMapName:90pv-RKSJ-UCS2C
Registry:Adobe
Ordering:90pv_RKSJ_UCS2C
OutlineFileName:C:\Program Files (x86)\Adobe\Acrobat Reader DC\Resource\CMap\90pv-RKSJ-UCS2C
FileLength:102591
FileModTime:1426491250
%EndFont

%BeginFont
Handler:DirectoryHandler
FontType:CMap
CMapName:Add-RKSJ-H
Registry:Adobe
Ordering:Japan1
OutlineFileName:C:\Program Files (x86)\Adobe\Acrobat Reader DC\Resource\CMap\Add-RKSJ-H
FileLength:15845
FileModTime:1426491252
%EndFont

%BeginFont
Handler:DirectoryHandler
FontType:CMap
CMapName:Add-RKSJ-V
Registry:Adobe
Ordering:Japan1
UseCMap:Add-RKSJ-H
OutlineFileName:C:\Program Files (x86)\Adobe\Acrobat Reader DC\Resource\CMap\Add-RKSJ-V
FileLength:4027
FileModTime:1426491252
%EndFont

%BeginFont
Handler:DirectoryHandler
FontType:CMap
CMapName:Adobe-Japan1-0
Registry:Adobe
Ordering:Japan1
OutlineFileName:C:\Program Files (x86)\Adobe\Acrobat Reader DC\Resource\CMap\Adobe-Japan1-0
FileLength:3523
FileModTime:1426491252
%EndFont

%BeginFont
Handler:DirectoryHandler
FontType:CMap
CMapName:Adobe-Japan1-1
Registry:Adobe
Ordering:Japan1
OutlineFileName:C:\Program Files (x86)\Adobe\Acrobat Reader DC\Resource\CMap\Adobe-Japan1-1
FileLength:3524
FileModTime:1426491252
%EndFont

%BeginFont
Handler:DirectoryHandler
FontType:CMap
CMapName:Adobe-Japan1-2
Registry:Adobe
Ordering:Japan1
OutlineFileName:C:\Program Files (x86)\Adobe\Acrobat Reader DC\Resource\CMap\Adobe-Japan1-2
FileLength:3564
FileModTime:1426491252
%EndFont

%BeginFont
Handler:DirectoryHandler
FontType:CMap
CMapName:Adobe-Japan1-3
Registry:Adobe
Ordering:Japan1
OutlineFileName:C:\Program Files (x86)\Adobe\Acrobat Reader DC\Resource\CMap\Adobe-Japan1-3
FileLength:3575
FileModTime:1426491252
%EndFont

%BeginFont
Handler:DirectoryHandler
FontType:CMap
CMapName:Adobe-Japan1-4
Registry:Adobe
Ordering:Japan1
OutlineFileName:C:\Program Files (x86)\Adobe\Acrobat Reader DC\Resource\CMap\Adobe-Japan1-4
FileLength:4077
FileModTime:1426491252
%EndFont

%BeginFont
Handler:DirectoryHandler
FontType:CMap
CMapName:Adobe-Japan1-5
Registry:Adobe
Ordering:Japan1
OutlineFileName:C:\Program Files (x86)\Adobe\Acrobat Reader DC\Resource\CMap\Adobe-Japan1-5
FileLength:4476
FileModTime:1426491252
%EndFont

%BeginFont
Handler:DirectoryHandler
FontType:CMap
CMapName:Adobe-Japan1-6
Registry:Adobe
Ordering:Japan1
OutlineFileName:C:\Program Files (x86)\Adobe\Acrobat Reader DC\Resource\CMap\Adobe-Japan1-6
FileLength:4707
FileModTime:1426491252
%EndFont

%BeginFont
Handler:DirectoryHandler
FontType:CMap
CMapName:Adobe-Japan1-7
Registry:Adobe
Ordering:Japan1
OutlineFileName:C:\Program Files (x86)\Adobe\Acrobat Reader DC\Resource\CMap\Adobe-Japan1-7
FileLength:4681
FileModTime:1599751844
%EndFont

%BeginFont
Handler:DirectoryHandler
FontType:CMap
CMapName:Adobe-Japan1-90ms-RKSJ
Registry:Adobe
Ordering:Adobe_Japan1_90ms_RKSJ
OutlineFileName:C:\Program Files (x86)\Adobe\Acrobat Reader DC\Resource\CMap\Adobe-Japan1-90ms-RKSJ
FileLength:6353
FileModTime:1426491250
%EndFont

%BeginFont
Handler:DirectoryHandler
FontType:CMap
CMapName:Adobe-Japan1-90pv-RKSJ
Registry:Adobe
Ordering:Adobe_Japan1_90pv_RKSJ
OutlineFileName:C:\Program Files (x86)\Adobe\Acrobat Reader DC\Resource\CMap\Adobe-Japan1-90pv-RKSJ
FileLength:8442
FileModTime:1426491252
%EndFont

%BeginFont
Handler:DirectoryHandler
FontType:CMap
CMapName:Adobe-Japan1-H-CID
Registry:Adobe
Ordering:Adobe_Japan1_H_CID
OutlineFileName:C:\Program Files (x86)\Adobe\Acrobat Reader DC\Resource\CMap\Adobe-Japan1-H-CID
FileLength:2291
FileModTime:1426491250
%EndFont

%BeginFont
Handler:DirectoryHandler
FontType:CMap
CMapName:Adobe-Japan1-H-Host
Registry:Adobe
Ordering:Adobe_Japan1_H_Host
OutlineFileName:C:\Program Files (x86)\Adobe\Acrobat Reader DC\Resource\CMap\Adobe-Japan1-H-Host
FileLength:6625
FileModTime:1426491252
%EndFont

%BeginFont
Handler:DirectoryHandler
FontType:CMap
CMapName:Adobe-Japan1-H-Mac
Registry:Adobe
Ordering:Adobe_Japan1_H_Mac
OutlineFileName:C:\Program Files (x86)\Adobe\Acrobat Reader DC\Resource\CMap\Adobe-Japan1-H-Mac
FileLength:5492
FileModTime:1426491252
%EndFont

%BeginFont
Handler:DirectoryHandler
FontType:CMap
CMapName:Adobe-Japan1-UCS2
Registry:Adobe
Ordering:Adobe_Japan1_UCS2
OutlineFileName:C:\Program Files (x86)\Adobe\Acrobat Reader DC\Resource\CMap\Adobe-Japan1-UCS2
FileLength:303313
FileModTime:1599809444
%EndFont

%BeginFont
Handler:DirectoryHandler
FontType:CMap
CMapName:EUC-H
Registry:Adobe
Ordering:Japan1
OutlineFileName:C:\Program Files (x86)\Adobe\Acrobat Reader DC\Resource\CMap\EUC-H
FileLength:5351
FileModTime:1426491250
%EndFont

%BeginFont
Handler:DirectoryHandler
FontType:CMap
CMapName:EUC-V
Registry:Adobe
Ordering:Japan1
UseCMap:EUC-H
OutlineFileName:C:\Program Files (x86)\Adobe\Acrobat Reader DC\Resource\CMap\EUC-V
FileLength:3397
FileModTime:1426491250
%EndFont

%BeginFont
Handler:DirectoryHandler
FontType:CMap
CMapName:Ext-RKSJ-H
Registry:Adobe
Ordering:Japan1
OutlineFileName:C:\Program Files (x86)\Adobe\Acrobat Reader DC\Resource\CMap\Ext-RKSJ-H
FileLength:16444
FileModTime:1426491250
%EndFont

%BeginFont
Handler:DirectoryHandler
FontType:CMap
CMapName:Ext-RKSJ-V
Registry:Adobe
Ordering:Japan1
UseCMap:Ext-RKSJ-H
OutlineFileName:C:\Program Files (x86)\Adobe\Acrobat Reader DC\Resource\CMap\Ext-RKSJ-V
FileLength:3667
FileModTime:1426491250
%EndFont

%BeginFont
Handler:DirectoryHandler
FontType:CMap
CMapName:H
Registry:Adobe
Ordering:Japan1
OutlineFileName:C:\Program Files (x86)\Adobe\Acrobat Reader DC\Resource\CMap\H
FileLength:5210
FileModTime:1426491252
%EndFont

%BeginFont
Handler:DirectoryHandler
FontType:CMap
CMapName:Identity-H
Registry:Adobe
Ordering:Identity
OutlineFileName:C:\Program Files (x86)\Adobe\Acrobat Reader DC\Resource\CMap\Identity-H
FileLength:8228
FileModTime:1426491252
%EndFont

%BeginFont
Handler:DirectoryHandler
FontType:CMap
CMapName:Identity-V
Registry:Adobe
Ordering:Identity
UseCMap:Identity-H
OutlineFileName:C:\Program Files (x86)\Adobe\Acrobat Reader DC\Resource\CMap\Identity-V
FileLength:2761
FileModTime:1426491252
%EndFont

%BeginFont
Handler:DirectoryHandler
FontType:CMap
CMapName:UCS2-90ms-RKSJ
Registry:Adobe
Ordering:UCS2_90ms_RKSJ
OutlineFileName:C:\Program Files (x86)\Adobe\Acrobat Reader DC\Resource\CMap\UCS2-90ms-RKSJ
FileLength:155399
FileModTime:1426491250
%EndFont

%BeginFont
Handler:DirectoryHandler
FontType:CMap
CMapName:UCS2-90pv-RKSJ
Registry:Adobe
Ordering:UCS2_90pv_RKSJ
OutlineFileName:C:\Program Files (x86)\Adobe\Acrobat Reader DC\Resource\CMap\UCS2-90pv-RKSJ
FileLength:148339
FileModTime:1426491250
%EndFont

%BeginFont
Handler:DirectoryHandler
FontType:CMap
CMapName:UniJIS-UCS2-H
Registry:Adobe
Ordering:Japan1
OutlineFileName:C:\Program Files (x86)\Adobe\Acrobat Reader DC\Resource\CMap\UniJIS-UCS2-H
FileLength:177536
FileModTime:1426491250
%EndFont

%BeginFont
Handler:DirectoryHandler
FontType:CMap
CMapName:UniJIS-UCS2-HW-H
Registry:Adobe
Ordering:Japan1
UseCMap:UniJIS-UCS2-H
OutlineFileName:C:\Program Files (x86)\Adobe\Acrobat Reader DC\Resource\CMap\UniJIS-UCS2-HW-H
FileLength:2970
FileModTime:1426491250
%EndFont

%BeginFont
Handler:DirectoryHandler
FontType:CMap
CMapName:UniJIS-UCS2-HW-V
Registry:Adobe
Ordering:Japan1
UseCMap:UniJIS-UCS2-H
OutlineFileName:C:\Program Files (x86)\Adobe\Acrobat Reader DC\Resource\CMap\UniJIS-UCS2-HW-V
FileLength:6939
FileModTime:1426491250
%EndFont

%BeginFont
Handler:DirectoryHandler
FontType:CMap
CMapName:UniJIS-UCS2-V
Registry:Adobe
Ordering:Japan1
UseCMap:UniJIS-UCS2-H
OutlineFileName:C:\Program Files (x86)\Adobe\Acrobat Reader DC\Resource\CMap\UniJIS-UCS2-V
FileLength:6853
FileModTime:1426491250
%EndFont

%BeginFont
Handler:DirectoryHandler
FontType:CMap
CMapName:UniJIS-UTF16-H
Registry:Adobe
Ordering:Japan1
OutlineFileName:C:\Program Files (x86)\Adobe\Acrobat Reader DC\Resource\CMap\UniJIS-UTF16-H
FileLength:202628
FileModTime:1599809444
%EndFont

%BeginFont
Handler:DirectoryHandler
FontType:CMap
CMapName:UniJIS-UTF16-V
Registry:Adobe
Ordering:Japan1
UseCMap:UniJIS-UTF16-H
OutlineFileName:C:\Program Files (x86)\Adobe\Acrobat Reader DC\Resource\CMap\UniJIS-UTF16-V
FileLength:6145
FileModTime:1599809444
%EndFont

%BeginFont
Handler:DirectoryHandler
FontType:CMap
CMapName:UniJIS-UTF32-H
Registry:Adobe
Ordering:Japan1
OutlineFileName:C:\Program Files (x86)\Adobe\Acrobat Reader DC\Resource\CMap\UniJIS-UTF32-H
FileLength:259822
FileModTime:1599751844
%EndFont

%BeginFont
Handler:DirectoryHandler
FontType:CMap
CMapName:UniJIS-UTF32-V
Registry:Adobe
Ordering:Japan1
UseCMap:UniJIS-UTF32-H
OutlineFileName:C:\Program Files (x86)\Adobe\Acrobat Reader DC\Resource\CMap\UniJIS-UTF32-V
FileLength:7177
FileModTime:1599751844
%EndFont

%BeginFont
Handler:DirectoryHandler
FontType:CMap
CMapName:UniJIS-UTF8-H
Registry:Adobe
Ordering:Japan1
OutlineFileName:C:\Program Files (x86)\Adobe\Acrobat Reader DC\Resource\CMap\UniJIS-UTF8-H
FileLength:230887
FileModTime:1599751844
%EndFont

%BeginFont
Handler:DirectoryHandler
FontType:CMap
CMapName:UniJIS-UTF8-V
Registry:Adobe
Ordering:Japan1
UseCMap:UniJIS-UTF8-H
OutlineFileName:C:\Program Files (x86)\Adobe\Acrobat Reader DC\Resource\CMap\UniJIS-UTF8-V
FileLength:6671
FileModTime:1599751844
%EndFont

%BeginFont
Handler:DirectoryHandler
FontType:CMap
CMapName:UniJIS2004-UTF16-H
Registry:Adobe
Ordering:Japan1
OutlineFileName:C:\Program Files (x86)\Adobe\Acrobat Reader DC\Resource\CMap\UniJIS2004-UTF16-H
FileLength:202711
FileModTime:1599809444
%EndFont

%BeginFont
Handler:DirectoryHandler
FontType:CMap
CMapName:UniJIS2004-UTF16-V
Registry:Adobe
Ordering:Japan1
UseCMap:UniJIS2004-UTF16-H
OutlineFileName:C:\Program Files (x86)\Adobe\Acrobat Reader DC\Resource\CMap\UniJIS2004-UTF16-V
FileLength:6169
FileModTime:1599809444
%EndFont

%BeginFont
Handler:DirectoryHandler
FontType:CMap
CMapName:UniJIS2004-UTF32-H
Registry:Adobe
Ordering:Japan1
OutlineFileName:C:\Program Files (x86)\Adobe\Acrobat Reader DC\Resource\CMap\UniJIS2004-UTF32-H
FileLength:259905
FileModTime:1599751844
%EndFont

%BeginFont
Handler:DirectoryHandler
FontType:CMap
CMapName:UniJIS2004-UTF32-V
Registry:Adobe
Ordering:Japan1
UseCMap:UniJIS2004-UTF32-H
OutlineFileName:C:\Program Files (x86)\Adobe\Acrobat Reader DC\Resource\CMap\UniJIS2004-UTF32-V
FileLength:7201
FileModTime:1599751844
%EndFont

%BeginFont
Handler:DirectoryHandler
FontType:CMap
CMapName:UniJIS2004-UTF8-H
Registry:Adobe
Ordering:Japan1
OutlineFileName:C:\Program Files (x86)\Adobe\Acrobat Reader DC\Resource\CMap\UniJIS2004-UTF8-H
FileLength:230968
FileModTime:1599751844
%EndFont

%BeginFont
Handler:DirectoryHandler
FontType:CMap
CMapName:UniJIS2004-UTF8-V
Registry:Adobe
Ordering:Japan1
UseCMap:UniJIS2004-UTF8-H
OutlineFileName:C:\Program Files (x86)\Adobe\Acrobat Reader DC\Resource\CMap\UniJIS2004-UTF8-V
FileLength:6693
FileModTime:1599751844
%EndFont

%BeginFont
Handler:DirectoryHandler
FontType:CMap
CMapName:UniJISX0213-UTF32-H
Registry:Adobe
Ordering:Japan1
OutlineFileName:C:\Program Files (x86)\Adobe\Acrobat Reader DC\Resource\CMap\UniJISX0213-UTF32-H
FileLength:259775
FileModTime:1599751844
%EndFont

%BeginFont
Handler:DirectoryHandler
FontType:CMap
CMapName:UniJISX0213-UTF32-V
Registry:Adobe
Ordering:Japan1
UseCMap:UniJISX0213-UTF32-H
OutlineFileName:C:\Program Files (x86)\Adobe\Acrobat Reader DC\Resource\CMap\UniJISX0213-UTF32-V
FileLength:7139
FileModTime:1599751844
%EndFont

%BeginFont
Handler:DirectoryHandler
FontType:CMap
CMapName:UniJISX02132004-UTF32-H
Registry:Adobe
Ordering:Japan1
OutlineFileName:C:\Program Files (x86)\Adobe\Acrobat Reader DC\Resource\CMap\UniJISX02132004-UTF32-H
FileLength:259889
FileModTime:1599751844
%EndFont

%BeginFont
Handler:DirectoryHandler
FontType:CMap
CMapName:UniJISX02132004-UTF32-V
Registry:Adobe
Ordering:Japan1
UseCMap:UniJISX02132004-UTF32-H
OutlineFileName:C:\Program Files (x86)\Adobe\Acrobat Reader DC\Resource\CMap\UniJISX02132004-UTF32-V
FileLength:7163
FileModTime:1599751844
%EndFont

%BeginFont
Handler:DirectoryHandler
FontType:CMap
CMapName:V
Registry:Adobe
Ordering:Japan1
UseCMap:H
OutlineFileName:C:\Program Files (x86)\Adobe\Acrobat Reader DC\Resource\CMap\V
FileLength:3373
FileModTime:1426491252
%EndFont

%BeginFont
Handler:DirectoryHandler
FontType:CMap
CMapName:83pv-RKSJ-H
Registry:Adobe
Ordering:Japan1
OutlineFileName:C:\Program Files (x86)\Adobe\Acrobat Reader DC\Resource\CMap\83pv-RKSJ-H
FileLength:7463
FileModTime:1426491250
%EndFont

%BeginFont
Handler:DirectoryHandler
FontType:CMap
CMapName:90ms-RKSJ-H
Registry:Adobe
Ordering:Japan1
OutlineFileName:C:\Program Files (x86)\Adobe\Acrobat Reader DC\Resource\CMap\90ms-RKSJ-H
FileLength:6398
FileModTime:1426491252
%EndFont

%BeginFont
Handler:DirectoryHandler
FontType:CMap
CMapName:90ms-RKSJ-UCS2
Registry:Adobe
Ordering:90ms_RKSJ_UCS2
OutlineFileName:C:\Program Files (x86)\Adobe\Acrobat Reader DC\Resource\CMap\90ms-RKSJ-UCS2
FileLength:112126
FileModTime:1426491250
%EndFont

%BeginFont
Handler:DirectoryHandler
FontType:CMap
CMapName:90ms-RKSJ-V
Registry:Adobe
Ordering:Japan1
UseCMap:90ms-RKSJ-H
OutlineFileName:C:\Program Files (x86)\Adobe\Acrobat Reader DC\Resource\CMap\90ms-RKSJ-V
FileLength:4454
FileModTime:1426491252
%EndFont

%BeginFont
Handler:DirectoryHandler
FontType:CMap
CMapName:90msp-RKSJ-H
Registry:Adobe
Ordering:Japan1
OutlineFileName:C:\Program Files (x86)\Adobe\Acrobat Reader DC\Resource\CMap\90msp-RKSJ-H
FileLength:6327
FileModTime:1426491250
%EndFont

%BeginFont
Handler:DirectoryHandler
FontType:CMap
CMapName:90msp-RKSJ-V
Registry:Adobe
Ordering:Japan1
UseCMap:90msp-RKSJ-H
OutlineFileName:C:\Program Files (x86)\Adobe\Acrobat Reader DC\Resource\CMap\90msp-RKSJ-V
FileLength:4436
FileModTime:1426491250
%EndFont

%BeginFont
Handler:DirectoryHandler
FontType:CMap
CMapName:90pv-RKSJ-H
Registry:Adobe
Ordering:Japan1
OutlineFileName:C:\Program Files (x86)\Adobe\Acrobat Reader DC\Resource\CMap\90pv-RKSJ-H
FileLength:8239
FileModTime:1426491250
%EndFont

%BeginFont
Handler:DirectoryHandler
FontType:CMap
CMapName:90pv-RKSJ-UCS2
Registry:Adobe
Ordering:90pv_RKSJ_UCS2
UseCMap:90pv-RKSJ-UCS2C
OutlineFileName:C:\Program Files (x86)\Adobe\Acrobat Reader DC\Resource\CMap\90pv-RKSJ-UCS2
FileLength:1854
FileModTime:1426491250
%EndFont

%BeginFont
Handler:DirectoryHandler
FontType:CMap
CMapName:90pv-RKSJ-UCS2C
Registry:Adobe
Ordering:90pv_RKSJ_UCS2C
OutlineFileName:C:\Program Files (x86)\Adobe\Acrobat Reader DC\Resource\CMap\90pv-RKSJ-UCS2C
FileLength:102591
FileModTime:1426491250
%EndFont

%BeginFont
Handler:DirectoryHandler
FontType:CMap
CMapName:Add-RKSJ-H
Registry:Adobe
Ordering:Japan1
OutlineFileName:C:\Program Files (x86)\Adobe\Acrobat Reader DC\Resource\CMap\Add-RKSJ-H
FileLength:15845
FileModTime:1426491252
%EndFont

%BeginFont
Handler:DirectoryHandler
FontType:CMap
CMapName:Add-RKSJ-V
Registry:Adobe
Ordering:Japan1
UseCMap:Add-RKSJ-H
OutlineFileName:C:\Program Files (x86)\Adobe\Acrobat Reader DC\Resource\CMap\Add-RKSJ-V
FileLength:4027
FileModTime:1426491252
%EndFont

%BeginFont
Handler:DirectoryHandler
FontType:CMap
CMapName:Adobe-Japan1-0
Registry:Adobe
Ordering:Japan1
OutlineFileName:C:\Program Files (x86)\Adobe\Acrobat Reader DC\Resource\CMap\Adobe-Japan1-0
FileLength:3523
FileModTime:1426491252
%EndFont

%BeginFont
Handler:DirectoryHandler
FontType:CMap
CMapName:Adobe-Japan1-1
Registry:Adobe
Ordering:Japan1
OutlineFileName:C:\Program Files (x86)\Adobe\Acrobat Reader DC\Resource\CMap\Adobe-Japan1-1
FileLength:3524
FileModTime:1426491252
%EndFont

%BeginFont
Handler:DirectoryHandler
FontType:CMap
CMapName:Adobe-Japan1-2
Registry:Adobe
Ordering:Japan1
OutlineFileName:C:\Program Files (x86)\Adobe\Acrobat Reader DC\Resource\CMap\Adobe-Japan1-2
FileLength:3564
FileModTime:1426491252
%EndFont

%BeginFont
Handler:DirectoryHandler
FontType:CMap
CMapName:Adobe-Japan1-3
Registry:Adobe
Ordering:Japan1
OutlineFileName:C:\Program Files (x86)\Adobe\Acrobat Reader DC\Resource\CMap\Adobe-Japan1-3
FileLength:3575
FileModTime:1426491252
%EndFont

%BeginFont
Handler:DirectoryHandler
FontType:CMap
CMapName:Adobe-Japan1-4
Registry:Adobe
Ordering:Japan1
OutlineFileName:C:\Program Files (x86)\Adobe\Acrobat Reader DC\Resource\CMap\Adobe-Japan1-4
FileLength:4077
FileModTime:1426491252
%EndFont

%BeginFont
Handler:DirectoryHandler
FontType:CMap
CMapName:Adobe-Japan1-5
Registry:Adobe
Ordering:Japan1
OutlineFileName:C:\Program Files (x86)\Adobe\Acrobat Reader DC\Resource\CMap\Adobe-Japan1-5
FileLength:4476
FileModTime:1426491252
%EndFont

%BeginFont
Handler:DirectoryHandler
FontType:CMap
CMapName:Adobe-Japan1-6
Registry:Adobe
Ordering:Japan1
OutlineFileName:C:\Program Files (x86)\Adobe\Acrobat Reader DC\Resource\CMap\Adobe-Japan1-6
FileLength:4707
FileModTime:1426491252
%EndFont

%BeginFont
Handler:DirectoryHandler
FontType:CMap
CMapName:Adobe-Japan1-7
Registry:Adobe
Ordering:Japan1
OutlineFileName:C:\Program Files (x86)\Adobe\Acrobat Reader DC\Resource\CMap\Adobe-Japan1-7
FileLength:4681
FileModTime:1599751844
%EndFont

%BeginFont
Handler:DirectoryHandler
FontType:CMap
CMapName:Adobe-Japan1-90ms-RKSJ
Registry:Adobe
Ordering:Adobe_Japan1_90ms_RKSJ
OutlineFileName:C:\Program Files (x86)\Adobe\Acrobat Reader DC\Resource\CMap\Adobe-Japan1-90ms-RKSJ
FileLength:6353
FileModTime:1426491250
%EndFont

%BeginFont
Handler:DirectoryHandler
FontType:CMap
CMapName:Adobe-Japan1-90pv-RKSJ
Registry:Adobe
Ordering:Adobe_Japan1_90pv_RKSJ
OutlineFileName:C:\Program Files (x86)\Adobe\Acrobat Reader DC\Resource\CMap\Adobe-Japan1-90pv-RKSJ
FileLength:8442
FileModTime:1426491252
%EndFont

%BeginFont
Handler:DirectoryHandler
FontType:CMap
CMapName:Adobe-Japan1-H-CID
Registry:Adobe
Ordering:Adobe_Japan1_H_CID
OutlineFileName:C:\Program Files (x86)\Adobe\Acrobat Reader DC\Resource\CMap\Adobe-Japan1-H-CID
FileLength:2291
FileModTime:1426491250
%EndFont

%BeginFont
Handler:DirectoryHandler
FontType:CMap
CMapName:Adobe-Japan1-H-Host
Registry:Adobe
Ordering:Adobe_Japan1_H_Host
OutlineFileName:C:\Program Files (x86)\Adobe\Acrobat Reader DC\Resource\CMap\Adobe-Japan1-H-Host
FileLength:6625
FileModTime:1426491252
%EndFont

%BeginFont
Handler:DirectoryHandler
FontType:CMap
CMapName:Adobe-Japan1-H-Mac
Registry:Adobe
Ordering:Adobe_Japan1_H_Mac
OutlineFileName:C:\Program Files (x86)\Adobe\Acrobat Reader DC\Resource\CMap\Adobe-Japan1-H-Mac
FileLength:5492
FileModTime:1426491252
%EndFont

%BeginFont
Handler:DirectoryHandler
FontType:CMap
CMapName:Adobe-Japan1-UCS2
Registry:Adobe
Ordering:Adobe_Japan1_UCS2
OutlineFileName:C:\Program Files (x86)\Adobe\Acrobat Reader DC\Resource\CMap\Adobe-Japan1-UCS2
FileLength:303313
FileModTime:1599809444
%EndFont

%BeginFont
Handler:DirectoryHandler
FontType:CMap
CMapName:EUC-H
Registry:Adobe
Ordering:Japan1
OutlineFileName:C:\Program Files (x86)\Adobe\Acrobat Reader DC\Resource\CMap\EUC-H
FileLength:5351
FileModTime:1426491250
%EndFont

%BeginFont
Handler:DirectoryHandler
FontType:CMap
CMapName:EUC-V
Registry:Adobe
Ordering:Japan1
UseCMap:EUC-H
OutlineFileName:C:\Program Files (x86)\Adobe\Acrobat Reader DC\Resource\CMap\EUC-V
FileLength:3397
FileModTime:1426491250
%EndFont

%BeginFont
Handler:DirectoryHandler
FontType:CMap
CMapName:Ext-RKSJ-H
Registry:Adobe
Ordering:Japan1
OutlineFileName:C:\Program Files (x86)\Adobe\Acrobat Reader DC\Resource\CMap\Ext-RKSJ-H
FileLength:16444
FileModTime:1426491250
%EndFont

%BeginFont
Handler:DirectoryHandler
FontType:CMap
CMapName:Ext-RKSJ-V
Registry:Adobe
Ordering:Japan1
UseCMap:Ext-RKSJ-H
OutlineFileName:C:\Program Files (x86)\Adobe\Acrobat Reader DC\Resource\CMap\Ext-RKSJ-V
FileLength:3667
FileModTime:1426491250
%EndFont

%BeginFont
Handler:DirectoryHandler
FontType:CMap
CMapName:H
Registry:Adobe
Ordering:Japan1
OutlineFileName:C:\Program Files (x86)\Adobe\Acrobat Reader DC\Resource\CMap\H
FileLength:5210
FileModTime:1426491252
%EndFont

%BeginFont
Handler:DirectoryHandler
FontType:CMap
CMapName:Identity-H
Registry:Adobe
Ordering:Identity
OutlineFileName:C:\Program Files (x86)\Adobe\Acrobat Reader DC\Resource\CMap\Identity-H
FileLength:8228
FileModTime:1426491252
%EndFont

%BeginFont
Handler:DirectoryHandler
FontType:CMap
CMapName:Identity-V
Registry:Adobe
Ordering:Identity
UseCMap:Identity-H
OutlineFileName:C:\Program Files (x86)\Adobe\Acrobat Reader DC\Resource\CMap\Identity-V
FileLength:2761
FileModTime:1426491252
%EndFont

%BeginFont
Handler:DirectoryHandler
FontType:CMap
CMapName:UCS2-90ms-RKSJ
Registry:Adobe
Ordering:UCS2_90ms_RKSJ
OutlineFileName:C:\Program Files (x86)\Adobe\Acrobat Reader DC\Resource\CMap\UCS2-90ms-RKSJ
FileLength:155399
FileModTime:1426491250
%EndFont

%BeginFont
Handler:DirectoryHandler
FontType:CMap
CMapName:UCS2-90pv-RKSJ
Registry:Adobe
Ordering:UCS2_90pv_RKSJ
OutlineFileName:C:\Program Files (x86)\Adobe\Acrobat Reader DC\Resource\CMap\UCS2-90pv-RKSJ
FileLength:148339
FileModTime:1426491250
%EndFont

%BeginFont
Handler:DirectoryHandler
FontType:CMap
CMapName:UniJIS-UCS2-H
Registry:Adobe
Ordering:Japan1
OutlineFileName:C:\Program Files (x86)\Adobe\Acrobat Reader DC\Resource\CMap\UniJIS-UCS2-H
FileLength:177536
FileModTime:1426491250
%EndFont

%BeginFont
Handler:DirectoryHandler
FontType:CMap
CMapName:UniJIS-UCS2-HW-H
Registry:Adobe
Ordering:Japan1
UseCMap:UniJIS-UCS2-H
OutlineFileName:C:\Program Files (x86)\Adobe\Acrobat Reader DC\Resource\CMap\UniJIS-UCS2-HW-H
FileLength:2970
FileModTime:1426491250
%EndFont

%BeginFont
Handler:DirectoryHandler
FontType:CMap
CMapName:UniJIS-UCS2-HW-V
Registry:Adobe
Ordering:Japan1
UseCMap:UniJIS-UCS2-H
OutlineFileName:C:\Program Files (x86)\Adobe\Acrobat Reader DC\Resource\CMap\UniJIS-UCS2-HW-V
FileLength:6939
FileModTime:1426491250
%EndFont

%BeginFont
Handler:DirectoryHandler
FontType:CMap
CMapName:UniJIS-UCS2-V
Registry:Adobe
Ordering:Japan1
UseCMap:UniJIS-UCS2-H
OutlineFileName:C:\Program Files (x86)\Adobe\Acrobat Reader DC\Resource\CMap\UniJIS-UCS2-V
FileLength:6853
FileModTime:1426491250
%EndFont

%BeginFont
Handler:DirectoryHandler
FontType:CMap
CMapName:UniJIS-UTF16-H
Registry:Adobe
Ordering:Japan1
OutlineFileName:C:\Program Files (x86)\Adobe\Acrobat Reader DC\Resource\CMap\UniJIS-UTF16-H
FileLength:202628
FileModTime:1599809444
%EndFont

%BeginFont
Handler:DirectoryHandler
FontType:CMap
CMapName:UniJIS-UTF16-V
Registry:Adobe
Ordering:Japan1
UseCMap:UniJIS-UTF16-H
OutlineFileName:C:\Program Files (x86)\Adobe\Acrobat Reader DC\Resource\CMap\UniJIS-UTF16-V
FileLength:6145
FileModTime:1599809444
%EndFont

%BeginFont
Handler:DirectoryHandler
FontType:CMap
CMapName:UniJIS-UTF32-H
Registry:Adobe
Ordering:Japan1
OutlineFileName:C:\Program Files (x86)\Adobe\Acrobat Reader DC\Resource\CMap\UniJIS-UTF32-H
FileLength:259822
FileModTime:1599751844
%EndFont

%BeginFont
Handler:DirectoryHandler
FontType:CMap
CMapName:UniJIS-UTF32-V
Registry:Adobe
Ordering:Japan1
UseCMap:UniJIS-UTF32-H
OutlineFileName:C:\Program Files (x86)\Adobe\Acrobat Reader DC\Resource\CMap\UniJIS-UTF32-V
FileLength:7177
FileModTime:1599751844
%EndFont

%BeginFont
Handler:DirectoryHandler
FontType:CMap
CMapName:UniJIS-UTF8-H
Registry:Adobe
Ordering:Japan1
OutlineFileName:C:\Program Files (x86)\Adobe\Acrobat Reader DC\Resource\CMap\UniJIS-UTF8-H
FileLength:230887
FileModTime:1599751844
%EndFont

%BeginFont
Handler:DirectoryHandler
FontType:CMap
CMapName:UniJIS-UTF8-V
Registry:Adobe
Ordering:Japan1
UseCMap:UniJIS-UTF8-H
OutlineFileName:C:\Program Files (x86)\Adobe\Acrobat Reader DC\Resource\CMap\UniJIS-UTF8-V
FileLength:6671
FileModTime:1599751844
%EndFont

%BeginFont
Handler:DirectoryHandler
FontType:CMap
CMapName:UniJIS2004-UTF16-H
Registry:Adobe
Ordering:Japan1
OutlineFileName:C:\Program Files (x86)\Adobe\Acrobat Reader DC\Resource\CMap\UniJIS2004-UTF16-H
FileLength:202711
FileModTime:1599809444
%EndFont

%BeginFont
Handler:DirectoryHandler
FontType:CMap
CMapName:UniJIS2004-UTF16-V
Registry:Adobe
Ordering:Japan1
UseCMap:UniJIS2004-UTF16-H
OutlineFileName:C:\Program Files (x86)\Adobe\Acrobat Reader DC\Resource\CMap\UniJIS2004-UTF16-V
FileLength:6169
FileModTime:1599809444
%EndFont

%BeginFont
Handler:DirectoryHandler
FontType:CMap
CMapName:UniJIS2004-UTF32-H
Registry:Adobe
Ordering:Japan1
OutlineFileName:C:\Program Files (x86)\Adobe\Acrobat Reader DC\Resource\CMap\UniJIS2004-UTF32-H
FileLength:259905
FileModTime:1599751844
%EndFont

%BeginFont
Handler:DirectoryHandler
FontType:CMap
CMapName:UniJIS2004-UTF32-V
Registry:Adobe
Ordering:Japan1
UseCMap:UniJIS2004-UTF32-H
OutlineFileName:C:\Program Files (x86)\Adobe\Acrobat Reader DC\Resource\CMap\UniJIS2004-UTF32-V
FileLength:7201
FileModTime:1599751844
%EndFont

%BeginFont
Handler:DirectoryHandler
FontType:CMap
CMapName:UniJIS2004-UTF8-H
Registry:Adobe
Ordering:Japan1
OutlineFileName:C:\Program Files (x86)\Adobe\Acrobat Reader DC\Resource\CMap\UniJIS2004-UTF8-H
FileLength:230968
FileModTime:1599751844
%EndFont

%BeginFont
Handler:DirectoryHandler
FontType:CMap
CMapName:UniJIS2004-UTF8-V
Registry:Adobe
Ordering:Japan1
UseCMap:UniJIS2004-UTF8-H
OutlineFileName:C:\Program Files (x86)\Adobe\Acrobat Reader DC\Resource\CMap\UniJIS2004-UTF8-V
FileLength:6693
FileModTime:1599751844
%EndFont

%BeginFont
Handler:DirectoryHandler
FontType:CMap
CMapName:UniJISX0213-UTF32-H
Registry:Adobe
Ordering:Japan1
OutlineFileName:C:\Program Files (x86)\Adobe\Acrobat Reader DC\Resource\CMap\UniJISX0213-UTF32-H
FileLength:259775
FileModTime:1599751844
%EndFont

%BeginFont
Handler:DirectoryHandler
FontType:CMap
CMapName:UniJISX0213-UTF32-V
Registry:Adobe
Ordering:Japan1
UseCMap:UniJISX0213-UTF32-H
OutlineFileName:C:\Program Files (x86)\Adobe\Acrobat Reader DC\Resource\CMap\UniJISX0213-UTF32-V
FileLength:7139
FileModTime:1599751844
%EndFont

%BeginFont
Handler:DirectoryHandler
FontType:CMap
CMapName:UniJISX02132004-UTF32-H
Registry:Adobe
Ordering:Japan1
OutlineFileName:C:\Program Files (x86)\Adobe\Acrobat Reader DC\Resource\CMap\UniJISX02132004-UTF32-H
FileLength:259889
FileModTime:1599751844
%EndFont

%BeginFont
Handler:DirectoryHandler
FontType:CMap
CMapName:UniJISX02132004-UTF32-V
Registry:Adobe
Ordering:Japan1
UseCMap:UniJISX02132004-UTF32-H
OutlineFileName:C:\Program Files (x86)\Adobe\Acrobat Reader DC\Resource\CMap\UniJISX02132004-UTF32-V
FileLength:7163
FileModTime:1599751844
%EndFont

%BeginFont
Handler:DirectoryHandler
FontType:CMap
CMapName:V
Registry:Adobe
Ordering:Japan1
UseCMap:H
OutlineFileName:C:\Program Files (x86)\Adobe\Acrobat Reader DC\Resource\CMap\V
FileLength:3373
FileModTime:1426491252
%EndFont

